\BOOKMARK [0][-]{section*.1}{\376\377\000A\000p\000p\000e\000n\000d\000i\000c\000e\000s}{}% 1
\BOOKMARK [0][-]{appendix.A}{\376\377\000S\000o\000m\000e\000\040\000r\000e\000s\000u\000l\000t\000s\000\040\000f\000r\000o\000m\000\040\000C\000a\000l\000c\000u\000l\000u\000s\000\040\000o\000n\000\040\000R\000n}{}% 2
\BOOKMARK [1][-]{section.A.1}{\376\377\000R\000e\000s\000u\000l\000t\000s\000\040\000f\000r\000o\000m\000\040\000D\000i\000f\000f\000e\000r\000e\000n\000t\000i\000a\000t\000i\000o\000n}{appendix.A}% 3
\BOOKMARK [1][-]{section.A.2}{\376\377\000R\000e\000s\000u\000l\000t\000s\000\040\000f\000r\000o\000m\000\040\000I\000n\000t\000e\000g\000r\000a\000t\000i\000o\000n}{appendix.A}% 4
\BOOKMARK [2][-]{subsection.A.2.1}{\376\377\000T\000h\000e\000\040\000R\000i\000e\000m\000a\000n\000n\000\040\000I\000n\000t\000e\000g\000r\000a\000l}{section.A.2}% 5
\BOOKMARK [2][-]{subsection.A.2.2}{\376\377\000M\000e\000a\000s\000u\000r\000e\000\040\000Z\000e\000r\000o\000\040\000a\000n\000d\000\040\000C\000o\000n\000t\000e\000n\000t\000\040\000Z\000e\000r\000o}{section.A.2}% 6
\BOOKMARK [2][-]{subsection.A.2.3}{\376\377\000I\000n\000t\000e\000g\000r\000a\000b\000l\000e\000\040\000F\000u\000n\000c\000t\000i\000o\000n\000s}{section.A.2}% 7
\BOOKMARK [2][-]{subsection.A.2.4}{\376\377\000F\000u\000b\000i\000n\000i\000'\000s\000\040\000T\000h\000e\000o\000r\000e\000m}{section.A.2}% 8
\BOOKMARK [1][-]{section.A.3}{\376\377\000P\000a\000r\000t\000i\000t\000i\000o\000n\000s\000\040\000o\000f\000\040\000U\000n\000i\000t\000y}{appendix.A}% 9
\BOOKMARK [0][-]{appendix.B}{\376\377\000D\000i\000f\000f\000e\000r\000e\000n\000t\000i\000a\000l\000\040\000F\000o\000r\000m\000s}{}% 10
\BOOKMARK [1][-]{section.B.1}{\376\377\000E\000x\000t\000e\000r\000i\000o\000r\000\040\000A\000l\000g\000e\000b\000r\000a\000:\000\040\000D\000e\000f\000i\000n\000i\000t\000i\000o\000n\000s\000\040\000a\000n\000d\000\040\000R\000e\000s\000u\000l\000t\000s}{appendix.B}% 11
\BOOKMARK [2][-]{subsection.B.1.1}{\376\377\000f\000\040\000a\000s\000\040\000a\000\040\000g\000r\000o\000u\000p\000\040\000a\000c\000t\000i\000o\000n}{section.B.1}% 12
\BOOKMARK [2][-]{subsection.B.1.2}{\376\377\000T\000e\000n\000s\000o\000r\000\040\000P\000r\000o\000d\000u\000c\000t\000,\000\040\000A\000l\000t\000e\000r\000n\000a\000t\000i\000n\000g\000\040\000F\000o\000r\000m\000s\000\040\000a\000n\000d\000\040\000t\000h\000e\000\040\000W\000e\000d\000g\000e\000\040\000P\000r\000o\000d\000u\000c\000t}{section.B.1}% 13
\BOOKMARK [2][-]{subsection.B.1.3}{\376\377\000T\000h\000e\000\040\000A\000s\000s\000o\000c\000i\000a\000t\000i\000v\000i\000t\000y\000\040\000o\000f\000\040\000t\000h\000e\000\040\000W\000e\000d\000g\000e\000\040\000P\000r\000o\000d\000u\000c\000t}{section.B.1}% 14
\BOOKMARK [2][-]{subsection.B.1.4}{\376\377\000D\000i\000m\000e\000n\000s\000i\000o\000n\000\040\000o\000f\000\040\000A\000l\000t\000e\000r\000n\000a\000t\000i\000n\000g\000\040\000k\000-\000f\000o\000r\000m\000s}{section.B.1}% 15
\BOOKMARK [1][-]{section.B.2}{\376\377\000T\000a\000n\000g\000e\000n\000t\000\040\000v\000e\000c\000t\000o\000r\000s\000\040\000i\000n\000\040\000R\000n\000\040\000a\000n\000d\000\040\000V\000e\000c\000t\000o\000r\000\040\000F\000i\000e\000l\000d\000s}{appendix.B}% 16
\BOOKMARK [2][-]{subsection.B.2.1}{\376\377\000T\000h\000e\000\040\000D\000i\000r\000e\000c\000t\000i\000o\000n\000a\000l\000\040\000D\000e\000r\000i\000v\000a\000t\000i\000v\000e\000\040\000a\000n\000d\000\040\000D\000e\000r\000i\000v\000a\000t\000i\000o\000n\000s}{section.B.2}% 17
\BOOKMARK [1][-]{section.B.3}{\376\377\000D\000i\000f\000f\000e\000r\000e\000n\000t\000i\000a\000l\000\040\000F\000o\000r\000m\000s}{appendix.B}% 18
\BOOKMARK [2][-]{subsection.B.3.1}{\376\377\000D\000i\000f\000f\000e\000r\000e\000n\000t\000i\000a\000l\000\040\000F\000o\000r\000m\000s\000\040\000i\000n\000\040\000t\000e\000r\000m\000s\000\040\000o\000f\000\040\000C\000o\000o\000r\000d\000i\000n\000a\000t\000e\000s}{section.B.3}% 19
\BOOKMARK [2][-]{subsection.B.3.2}{\376\377\000D\000i\000f\000f\000e\000r\000e\000n\000t\000i\000a\000l\000\040\000k\000-\000f\000o\000r\000m\000s}{section.B.3}% 20
\BOOKMARK [2][-]{subsection.B.3.3}{\376\377\000E\000x\000t\000e\000r\000i\000o\000r\000\040\000D\000e\000r\000i\000v\000a\000t\000i\000v\000e}{section.B.3}% 21
